docker :  Image irsbot-backend Building 
所在位置 行:446 字符: 1
+ docker compose --progress=plain build backend 2>&1 | Out-File "d:\AIp ...
+ ~~~~~~~~~~~~~~~~~~~~~~~~~~~~~~~~~~~~~~~~~~~~~~~~~~
    + CategoryInfo          : NotSpecified: ( Image irsbot-backend Building :String) [], RemoteException
    + FullyQualifiedErrorId : NativeCommandError
 
 Image irsbot-prestart Building 
#1 [internal] load local bake definitions
#1 reading from stdin 937B 0.0s done
#1 DONE 0.0s

#2 [internal] load build definition from Dockerfile
#2 transferring dockerfile: 5.97kB 0.1s done
#2 DONE 0.1s

#3 [internal] load metadata for ghcr.io/astral-sh/uv:0.9.26
#3 DONE 0.1s

#4 [internal] load metadata for docker.io/library/python:3.13-slim
#4 DONE 0.3s

#5 [internal] load .dockerignore
#5 transferring context: 2B done
#5 DONE 0.0s

#6 FROM ghcr.io/astral-sh/uv:0.9.26@sha256:9a23023be68b2ed09750ae636228e903a54a05ea56ed03a934d00fe9fbeded4b
#6 resolve ghcr.io/astral-sh/uv:0.9.26@sha256:9a23023be68b2ed09750ae636228e903a54a05ea56ed03a934d00fe9fbeded4b 0.0s done
#6 DONE 0.0s

#7 [stage-0 1/8] FROM docker.io/library/python:3.13-slim@sha256:9d2e5553305c7c7b0097999bb17187c69b921ccd6bc9d40e4bb5ebe652c00285
#7 resolve docker.io/library/python:3.13-slim@sha256:9d2e5553305c7c7b0097999bb17187c69b921ccd6bc9d40e4bb5ebe652c00285 0.0s done
#7 DONE 0.0s

#8 [internal] load build context
#8 transferring context: 25.54kB 0.0s done
#8 DONE 0.0s

#9 [stage-0 6/8] COPY ./backend/pyproject.toml ./backend/alembic.ini /app/backend/
#9 CACHED

#10 [stage-0 7/8] COPY ./backend/app /app/backend/app
#10 CACHED

#11 [stage-0 2/8] COPY --from=ghcr.io/astral-sh/uv:0.9.26 /uv /uvx /bin/
#11 CACHED

#12 [stage-0 3/8] WORKDIR /app/
#12 CACHED

#13 [stage-0 4/8] RUN --mount=type=bind,source=wheelhouse,target=/app/wheelhouse     --mount=type=bind,source=wheelhouse-req.txt,target=/app/wheelhouse-req.txt     uv venv /app/.venv &&     uv pip install --python /app/.venv/bin/python       -r /app/wheelhouse-req.txt       --find-links /app/wheelhouse       --offline       --no-cache       --compile-bytecode
#13 CACHED

#14 [stage-0 5/8] COPY ./backend/scripts /app/backend/scripts
#14 CACHED

#15 [stage-0 8/8] WORKDIR /app/backend/
#15 CACHED

#16 exporting to image
#16 exporting layers done
#16 exporting manifest sha256:4e88951403428bbb41d4736e9440abab3635fa395182cde4e840f8bce6ea650c done
#16 exporting config sha256:58d03664fa37118a6a41a32f9f5e9695171fa7af6429a6f2b472651ff6519131 done
#16 exporting attestation manifest sha256:0e32bdfaf61af411c809e119cc94e28bdd20c2df9e88930eaca4f705ab39146a 0.0s done
#16 exporting manifest list sha256:a564f0084771c0c2946b6df68abdc1e41103927dea7f0e17d820c6d98b7532eb
#16 exporting manifest list sha256:a564f0084771c0c2946b6df68abdc1e41103927dea7f0e17d820c6d98b7532eb 0.0s done
#16 naming to docker.io/library/irsbot-backend:latest done
#16 unpacking to docker.io/library/irsbot-backend:latest 0.0s done
#16 DONE 0.2s

#17 resolving provenance for metadata file
#17 DONE 0.0s
 Image irsbot-backend Built 
