docker :  Container irsbot-db-1 Running 
所在位置 行:446 字符: 1
+ docker compose up -d 2>&1 | Out-File "d:\AIpy\full-stack\IrsBot\up10. ...
+ ~~~~~~~~~~~~~~~~~~~~~~~~~
    + CategoryInfo          : NotSpecified: ( Container irsbot-db-1 Running :String) [], RemoteException
    + FullyQualifiedErrorId : NativeCommandError
 
 Container irsbot-milvus-1 Running 
 Container irsbot-backend-1 Recreate 
 Container irsbot-backend-1 Recreated 
 Container irsbot-db-1 Waiting 
 Container irsbot-db-1 Healthy 
 Container irsbot-prestart-1 Starting 
 Container irsbot-prestart-1 Started 
 Container irsbot-db-1 Waiting 
 Container irsbot-prestart-1 Waiting 
 Container irsbot-milvus-1 Waiting 
 Container irsbot-db-1 Healthy 
 Container irsbot-milvus-1 Healthy 
 Container irsbot-prestart-1 Exited 
 Container irsbot-backend-1 Starting 
 Container irsbot-backend-1 Started 
