[36mvite v7.3.6 [32mbuilding client environment for production...[36m[39m
transforming...
node.exe : [33m../node_modules/zod/v4/core/util.js (400:0): A comment
所在位置 行:449 字符: 1
+ & "D:\Node.js\node.exe" "$root\vite\bin\vite.js" build 2>&1 | Out-Fil ...
+ ~~~~~~~~~~~~~~~~~~~~~~~~~~~~~~~~~~~~~~~~~~~~~~~~~~~~~~~~~~~
    + CategoryInfo          : NotSpecified: ([33m../node_mo...0:0): A comment:String) [], RemoteException
    + FullyQualifiedErrorId : NativeCommandError
 

"// Wrapped in a `@__PURE__` IIFE: esbuild never tree-shakes a top-level initializer that contains a member access on `
Number`, so the bare object literal survived into every bundle."

in "../node_modules/zod/v4/core/util.js" contains an annotation that Rollup cannot interpret due to the position of the
 comment. The comment will be removed to avoid issues.[39m
[33m../node_modules/zod/v4/core/regexes.js (74:0): A comment

"/** Anchors a pattern source. The interpolation lives here rather than at the call site because
 * esbuild will not drop a `@__PURE__` call whose own argument interpolates a variable, but it
 * will drop `anchor(dateSource)`. Keeping it inline pinned `date` into every bundle. */"

in "../node_modules/zod/v4/core/regexes.js" contains an annotation that Rollup cannot interpret due to the position of 
the comment. The comment will be removed to avoid issues.[39m
[32m鉁?[39m 2166 modules transformed.
rendering chunks...
computing gzip size...
[2mdist/[22m[32mindex.html                         [39m[1m[2m  0.55 kB[22m[1m[22m[2m 鈹?gzip:   0.32 kB[22m
[2mdist/[22m[35massets/index-DPYw-nML.css          [39m[1m[2m 65.42 kB[22m[1m[22m[2m 鈹?gzip:  11.83 kB[22m
[2mdist/[22m[36massets/index-Dm4wO6U5.js           [39m[1m[2m  0.37 kB[22m[1m[22m[2m 鈹?gzip:   0.31 kB[22m
[2mdist/[22m[36massets/login-DwVI28bC.js           [39m[1m[2m  1.54 kB[22m[1m[22m[2m 鈹?gzip:   0.79 kB[22m
[2mdist/[22m[36massets/reset-password-Bfciy3Iv.js  [39m[1m[2m  1.96 kB[22m[1m[22m[2m 鈹?gzip:   0.95 kB[22m
[2mdist/[22m[36massets/settings-dLmTjDAh.js        [39m[1m[2m 16.40 kB[22m[1m[22m[2m 鈹?gzip:   5.38 kB[22m
[2mdist/[22m[36massets/select-Crccarnl.js          [39m[1m[2m 30.84 kB[22m[1m[22m[2m 鈹?gzip:  10.01 kB[22m
[2mdist/[22m[36massets/admin-C0zXFeRk.js           [39m[1m[2m 65.51 kB[22m[1m[22m[2m 鈹?gzip:  17.77 kB[22m
[2mdist/[22m[36massets/index-5c0N2CvS.js           [39m[1m[33m730.24 kB[39m[22m[2m 鈹?gzip: 235.68 kB[22m
[33m
(!) Some chunks are larger than 500 kB after minification. Consider:
- Using dynamic import() to code-split the application
- Use build.rollupOptions.output.manualChunks to improve chunking: https://rollupjs.org/configuration-options/#output-m
anualchunks
- Adjust chunk size limit for this warning via build.chunkSizeWarningLimit.[39m
[32m鉁?built in 5.82s[39m
